2026-09-20 16:03 CEST
Before calibration
Group                          Count   Accuracy        ECE      Brier   Log loss  Score MAE
overall                         2000     0.7065     0.2005     0.0847     2.2796     0.5332
workflow/agent_trace_observability     500     0.6700     0.2086     0.0871     2.0800     0.4503
workflow/customer_service        500     0.7360     0.2051     0.0826     2.5633     0.4152
workflow/invoice_processing      500     0.7260     0.1682     0.0693     1.6910     0.6165
workflow/security_incidents      500     0.6940     0.2201     0.1001     2.7840     0.6509
type/choice                      600     0.6983     0.1705     0.0672     2.3775          -
type/noul                        600     0.8317     0.1143     0.0878     1.3197          -
type/score                       800     0.6188     0.2918     0.0956     2.9261     0.5332
After calibration
Group                          Count   Accuracy        ECE      Brier   Log loss  Score MAE
overall                         2000     0.7065     0.0321     0.0429     1.1041     0.3680
workflow/agent_trace_observability     500     0.6700     0.0473     0.0348     1.1175     0.3413
workflow/customer_service        500     0.7360     0.0748     0.0441     1.2017     0.2543
workflow/invoice_processing      500     0.7260     0.0645     0.0461     0.8876     0.4493
workflow/security_incidents      500     0.6940     0.0727     0.0466     1.2094     0.4272
type/choice                      600     0.6983     0.0409     0.0362     1.2914          -
type/noul                        600     0.8317     0.0232     0.0516     0.6368          -
type/score                       800     0.6188     0.0716     0.0414     1.3140     0.3680
Latency (ms): median=2418.02, p95=2864.64
Forward passes: total=6000, per case=15.00
Reference accuracies (dataset card, 1,600-case set; not this run):
  majority baseline: 0.520
  factor ceiling: 0.704
  teacher self agreement: 0.735
  Jev published: 0.727
  Laya zero shot: 0.360
  Laya fine tuned: 0.766
EXIT 0
2026-09-20 17:04 CEST
